The target system is: Linux -  - arm
The host system is: Linux - 6.18.33.2-microsoft-standard-WSL2 - x86_64
Compiling the C compiler identification source file "CMakeCCompilerId.c" succeeded.
Compiler: /home/dimakomplekt/miyoo_toolchain/mini/bin/arm-linux-gnueabihf-gcc 
Build flags: 
Id flags:  

The output was:
0


Compilation of the C compiler identification source "CMakeCCompilerId.c" produced "a.out"

The C compiler identification is GNU, found in "/mnt/c/creator/it/programs/games/miyoo_square/build_miyoo/CMakeFiles/3.16.9/CompilerIdC/a.out"

Compiling the CXX compiler identification source file "CMakeCXXCompilerId.cpp" succeeded.
Compiler: /home/dimakomplekt/miyoo_toolchain/mini/bin/arm-linux-gnueabihf-g++ 
Build flags: 
Id flags:  

The output was:
0


Compilation of the CXX compiler identification source "CMakeCXXCompilerId.cpp" produced "a.out"

The CXX compiler identification is GNU, found in "/mnt/c/creator/it/programs/games/miyoo_square/build_miyoo/CMakeFiles/3.16.9/CompilerIdCXX/a.out"

Determining if the C compiler works passed with the following output:
Change Dir: /mnt/c/creator/it/programs/games/miyoo_square/build_miyoo/CMakeFiles/CMakeTmp

Run Build Command(s):/home/dimakomplekt/miyoo_toolchain/mini/bin/ninja cmTC_18cd1 && [1/2] Building C object CMakeFiles/cmTC_18cd1.dir/testCCompiler.c.o
[2/2] Linking C executable cmTC_18cd1



Detecting C compiler ABI info compiled with the following output:
Change Dir: /mnt/c/creator/it/programs/games/miyoo_square/build_miyoo/CMakeFiles/CMakeTmp

Run Build Command(s):/home/dimakomplekt/miyoo_toolchain/mini/bin/ninja cmTC_97fbb && [1/2] Building C object CMakeFiles/cmTC_97fbb.dir/CMakeCCompilerABI.c.o
Using built-in specs.
COLLECT_GCC=/opt/prebuilt/bin/arm-linux-gnueabihf-gcc
Target: arm-linux-gnueabihf
Configured with: /tmp/dgboter/bbs/bc-b1-2-11--rhe6x86_64/buildbot/rhe6x86_64--arm-linux-gnueabihf/build/src/gcc/configure --target=arm-linux-gnueabihf --prefix= --with-sysroot=/arm-linux-gnueabihf/libc --with-build-sysroot=/tmp/dgboter/bbs/bc-b1-2-11--rhe6x86_64/buildbot/rhe6x86_64--arm-linux-gnueabihf/build/build-arm-linux-gnueabihf/install//arm-linux-gnueabihf/libc --enable-gnu-indirect-function --enable-shared --disable-libssp --disable-libmudflap --disable-libsanitizer --enable-checking=release --enable-languages=c,c++,fortran --with-gmp=/tmp/dgboter/bbs/bc-b1-2-11--rhe6x86_64/buildbot/rhe6x86_64--arm-linux-gnueabihf/build/build-arm-linux-gnueabihf/host-tools --with-mpfr=/tmp/dgboter/bbs/bc-b1-2-11--rhe6x86_64/buildbot/rhe6x86_64--arm-linux-gnueabihf/build/build-arm-linux-gnueabihf/host-tools --with-mpc=/tmp/dgboter/bbs/bc-b1-2-11--rhe6x86_64/buildbot/rhe6x86_64--arm-linux-gnueabihf/build/build-arm-linux-gnueabihf/host-tools --with-isl=/tmp/dgboter/bbs/bc-b1-2-11--rhe6x86_64/buildbot/rhe6x86_64--arm-linux-gnueabihf/build/build-arm-linux-gnueabihf/host-tools --with-arch=armv7-a --with-fpu=neon --with-float=hard --with-arch=armv7-a --with-pkgversion='GNU Toolchain for the A-profile Architecture 8.2-2018-08 (arm-rel-8.23)'
Thread model: posix
gcc version 8.2.1 20180802 (GNU Toolchain for the A-profile Architecture 8.2-2018-08 (arm-rel-8.23)) 
COLLECT_GCC_OPTIONS='-mabi=aapcs-linux' '-mfpu=vfpv4-d16' '-marm' '-fstack-protector-strong' '-mfloat-abi=hard' '-mcpu=cortex-a7' '-fPIE' '-pie' '-v' '-o' 'CMakeFiles/cmTC_97fbb.dir/CMakeCCompilerABI.c.o' '-c' '-mtls-dialect=gnu' '-march=armv7ve+fp'
 /home/dimakomplekt/miyoo_toolchain/prebuilt/bin/../libexec/gcc/arm-linux-gnueabihf/8.2.1/cc1 -quiet -v -iprefix /home/dimakomplekt/miyoo_toolchain/prebuilt/bin/../lib/gcc/arm-linux-gnueabihf/8.2.1/ -isysroot /home/dimakomplekt/miyoo_toolchain/mini/arm-buildroot-linux-gnueabihf/sysroot /home/dimakomplekt/miyoo_toolchain/mini/share/cmake-3.16/Modules/CMakeCCompilerABI.c -quiet -dumpbase CMakeCCompilerABI.c -mabi=aapcs-linux -mfpu=vfpv4-d16 -marm -mfloat-abi=hard -mcpu=cortex-a7 -mtls-dialect=gnu -march=armv7ve+fp -auxbase-strip CMakeFiles/cmTC_97fbb.dir/CMakeCCompilerABI.c.o -version -fstack-protector-strong -fPIE -o /tmp/ccEhGkEt.s
GNU C17 (GNU Toolchain for the A-profile Architecture 8.2-2018-08 (arm-rel-8.23)) version 8.2.1 20180802 (arm-linux-gnueabihf)
	compiled by GNU C version 4.8.1, GMP version 4.3.2, MPFR version 3.1.6, MPC version 0.8.2, isl version isl-0.15-1-g835ea3a-GMP

GGC heuristics: --param ggc-min-expand=100 --param ggc-min-heapsize=131072
ignoring duplicate directory "/home/dimakomplekt/miyoo_toolchain/prebuilt/bin/../lib/gcc/../../lib/gcc/arm-linux-gnueabihf/8.2.1/include"
ignoring nonexistent directory "/home/dimakomplekt/miyoo_toolchain/mini/arm-buildroot-linux-gnueabihf/sysroot/usr/local/include"
ignoring duplicate directory "/home/dimakomplekt/miyoo_toolchain/prebuilt/bin/../lib/gcc/../../lib/gcc/arm-linux-gnueabihf/8.2.1/include-fixed"
ignoring duplicate directory "/home/dimakomplekt/miyoo_toolchain/prebuilt/bin/../lib/gcc/../../lib/gcc/arm-linux-gnueabihf/8.2.1/../../../../arm-linux-gnueabihf/include"
#include "..." search starts here:
#include <...> search starts here:
 /home/dimakomplekt/miyoo_toolchain/prebuilt/bin/../lib/gcc/arm-linux-gnueabihf/8.2.1/include
 /home/dimakomplekt/miyoo_toolchain/prebuilt/bin/../lib/gcc/arm-linux-gnueabihf/8.2.1/include-fixed
 /home/dimakomplekt/miyoo_toolchain/prebuilt/bin/../lib/gcc/arm-linux-gnueabihf/8.2.1/../../../../arm-linux-gnueabihf/include
 /home/dimakomplekt/miyoo_toolchain/mini/arm-buildroot-linux-gnueabihf/sysroot/usr/include
End of search list.
GNU C17 (GNU Toolchain for the A-profile Architecture 8.2-2018-08 (arm-rel-8.23)) version 8.2.1 20180802 (arm-linux-gnueabihf)
	compiled by GNU C version 4.8.1, GMP version 4.3.2, MPFR version 3.1.6, MPC version 0.8.2, isl version isl-0.15-1-g835ea3a-GMP

GGC heuristics: --param ggc-min-expand=100 --param ggc-min-heapsize=131072
Compiler executable checksum: 51e4b0db6b838d59dc6e00c15f041bcb
COLLECT_GCC_OPTIONS='-mabi=aapcs-linux' '-mfpu=vfpv4-d16' '-marm' '-fstack-protector-strong' '-mfloat-abi=hard' '-mcpu=cortex-a7' '-fPIE' '-pie' '-v' '-o' 'CMakeFiles/cmTC_97fbb.dir/CMakeCCompilerABI.c.o' '-c' '-mtls-dialect=gnu' '-march=armv7ve+fp'
 /home/dimakomplekt/miyoo_toolchain/prebuilt/bin/../lib/gcc/arm-linux-gnueabihf/8.2.1/../../../../arm-linux-gnueabihf/bin/as -v -march=armv7ve -mfloat-abi=hard -mfpu=vfpv4-d16 -meabi=5 -o CMakeFiles/cmTC_97fbb.dir/CMakeCCompilerABI.c.o /tmp/ccEhGkEt.s
GNU assembler version 2.30.0 (arm-linux-gnueabihf) using BFD version (GNU Toolchain for the A-profile Architecture 8.2-2018-08 (arm-rel-8.23)) 2.30.0.20180625
COMPILER_PATH=/home/dimakomplekt/miyoo_toolchain/prebuilt/bin/../libexec/gcc/arm-linux-gnueabihf/8.2.1/:/home/dimakomplekt/miyoo_toolchain/prebuilt/bin/../libexec/gcc/:/home/dimakomplekt/miyoo_toolchain/prebuilt/bin/../lib/gcc/arm-linux-gnueabihf/8.2.1/../../../../arm-linux-gnueabihf/bin/
LIBRARY_PATH=/home/dimakomplekt/miyoo_toolchain/prebuilt/bin/../lib/gcc/arm-linux-gnueabihf/8.2.1/:/home/dimakomplekt/miyoo_toolchain/prebuilt/bin/../lib/gcc/:/home/dimakomplekt/miyoo_toolchain/prebuilt/bin/../lib/gcc/arm-linux-gnueabihf/8.2.1/../../../../arm-linux-gnueabihf/lib/:/home/dimakomplekt/miyoo_toolchain/mini/arm-buildroot-linux-gnueabihf/sysroot/lib/:/home/dimakomplekt/miyoo_toolchain/mini/arm-buildroot-linux-gnueabihf/sysroot/usr/lib/
COLLECT_GCC_OPTIONS='-mabi=aapcs-linux' '-mfpu=vfpv4-d16' '-marm' '-fstack-protector-strong' '-mfloat-abi=hard' '-mcpu=cortex-a7' '-fPIE' '-pie' '-v' '-o' 'CMakeFiles/cmTC_97fbb.dir/CMakeCCompilerABI.c.o' '-c' '-mtls-dialect=gnu' '-march=armv7ve+fp'
[2/2] Linking C executable cmTC_97fbb
Using built-in specs.
COLLECT_GCC=/opt/prebuilt/bin/arm-linux-gnueabihf-gcc
COLLECT_LTO_WRAPPER=/home/dimakomplekt/miyoo_toolchain/prebuilt/bin/../libexec/gcc/arm-linux-gnueabihf/8.2.1/lto-wrapper
Target: arm-linux-gnueabihf
Configured with: /tmp/dgboter/bbs/bc-b1-2-11--rhe6x86_64/buildbot/rhe6x86_64--arm-linux-gnueabihf/build/src/gcc/configure --target=arm-linux-gnueabihf --prefix= --with-sysroot=/arm-linux-gnueabihf/libc --with-build-sysroot=/tmp/dgboter/bbs/bc-b1-2-11--rhe6x86_64/buildbot/rhe6x86_64--arm-linux-gnueabihf/build/build-arm-linux-gnueabihf/install//arm-linux-gnueabihf/libc --enable-gnu-indirect-function --enable-shared --disable-libssp --disable-libmudflap --disable-libsanitizer --enable-checking=release --enable-languages=c,c++,fortran --with-gmp=/tmp/dgboter/bbs/bc-b1-2-11--rhe6x86_64/buildbot/rhe6x86_64--arm-linux-gnueabihf/build/build-arm-linux-gnueabihf/host-tools --with-mpfr=/tmp/dgboter/bbs/bc-b1-2-11--rhe6x86_64/buildbot/rhe6x86_64--arm-linux-gnueabihf/build/build-arm-linux-gnueabihf/host-tools --with-mpc=/tmp/dgboter/bbs/bc-b1-2-11--rhe6x86_64/buildbot/rhe6x86_64--arm-linux-gnueabihf/build/build-arm-linux-gnueabihf/host-tools --with-isl=/tmp/dgboter/bbs/bc-b1-2-11--rhe6x86_64/buildbot/rhe6x86_64--arm-linux-gnueabihf/build/build-arm-linux-gnueabihf/host-tools --with-arch=armv7-a --with-fpu=neon --with-float=hard --with-arch=armv7-a --with-pkgversion='GNU Toolchain for the A-profile Architecture 8.2-2018-08 (arm-rel-8.23)'
Thread model: posix
gcc version 8.2.1 20180802 (GNU Toolchain for the A-profile Architecture 8.2-2018-08 (arm-rel-8.23)) 
COMPILER_PATH=/home/dimakomplekt/miyoo_toolchain/prebuilt/bin/../libexec/gcc/arm-linux-gnueabihf/8.2.1/:/home/dimakomplekt/miyoo_toolchain/prebuilt/bin/../libexec/gcc/:/home/dimakomplekt/miyoo_toolchain/prebuilt/bin/../lib/gcc/arm-linux-gnueabihf/8.2.1/../../../../arm-linux-gnueabihf/bin/
LIBRARY_PATH=/home/dimakomplekt/miyoo_toolchain/prebuilt/bin/../lib/gcc/arm-linux-gnueabihf/8.2.1/:/home/dimakomplekt/miyoo_toolchain/prebuilt/bin/../lib/gcc/:/home/dimakomplekt/miyoo_toolchain/prebuilt/bin/../lib/gcc/arm-linux-gnueabihf/8.2.1/../../../../arm-linux-gnueabihf/lib/:/home/dimakomplekt/miyoo_toolchain/mini/arm-buildroot-linux-gnueabihf/sysroot/lib/:/home/dimakomplekt/miyoo_toolchain/mini/arm-buildroot-linux-gnueabihf/sysroot/usr/lib/
COLLECT_GCC_OPTIONS='-mabi=aapcs-linux' '-mfpu=vfpv4-d16' '-marm' '-fstack-protector-strong' '-mfloat-abi=hard' '-mcpu=cortex-a7' '-fPIE' '-pie' '-v' '-o' 'cmTC_97fbb' '-mtls-dialect=gnu' '-march=armv7ve+fp'
 /home/dimakomplekt/miyoo_toolchain/prebuilt/bin/../libexec/gcc/arm-linux-gnueabihf/8.2.1/collect2 -plugin /home/dimakomplekt/miyoo_toolchain/prebuilt/bin/../libexec/gcc/arm-linux-gnueabihf/8.2.1/liblto_plugin.so -plugin-opt=/home/dimakomplekt/miyoo_toolchain/prebuilt/bin/../libexec/gcc/arm-linux-gnueabihf/8.2.1/lto-wrapper -plugin-opt=-fresolution=/tmp/cc2hbw4a.res -plugin-opt=-pass-through=-lgcc -plugin-opt=-pass-through=-lgcc_s -plugin-opt=-pass-through=-lc -plugin-opt=-pass-through=-lgcc -plugin-opt=-pass-through=-lgcc_s --sysroot=/home/dimakomplekt/miyoo_toolchain/mini/arm-buildroot-linux-gnueabihf/sysroot --eh-frame-hdr -dynamic-linker /lib/ld-linux-armhf.so.3 -X -m armelf_linux_eabi -pie -o cmTC_97fbb /home/dimakomplekt/miyoo_toolchain/mini/arm-buildroot-linux-gnueabihf/sysroot/usr/lib/Scrt1.o /home/dimakomplekt/miyoo_toolchain/mini/arm-buildroot-linux-gnueabihf/sysroot/usr/lib/crti.o /home/dimakomplekt/miyoo_toolchain/prebuilt/bin/../lib/gcc/arm-linux-gnueabihf/8.2.1/crtbeginS.o -L/home/dimakomplekt/miyoo_toolchain/prebuilt/bin/../lib/gcc/arm-linux-gnueabihf/8.2.1 -L/home/dimakomplekt/miyoo_toolchain/prebuilt/bin/../lib/gcc -L/home/dimakomplekt/miyoo_toolchain/prebuilt/bin/../lib/gcc/arm-linux-gnueabihf/8.2.1/../../../../arm-linux-gnueabihf/lib -L/home/dimakomplekt/miyoo_toolchain/mini/arm-buildroot-linux-gnueabihf/sysroot/lib -L/home/dimakomplekt/miyoo_toolchain/mini/arm-buildroot-linux-gnueabihf/sysroot/usr/lib CMakeFiles/cmTC_97fbb.dir/CMakeCCompilerABI.c.o -lgcc --as-needed -lgcc_s --no-as-needed -lc -lgcc --as-needed -lgcc_s --no-as-needed /home/dimakomplekt/miyoo_toolchain/prebuilt/bin/../lib/gcc/arm-linux-gnueabihf/8.2.1/crtendS.o /home/dimakomplekt/miyoo_toolchain/mini/arm-buildroot-linux-gnueabihf/sysroot/usr/lib/crtn.o
COLLECT_GCC_OPTIONS='-mabi=aapcs-linux' '-mfpu=vfpv4-d16' '-marm' '-fstack-protector-strong' '-mfloat-abi=hard' '-mcpu=cortex-a7' '-fPIE' '-pie' '-v' '-o' 'cmTC_97fbb' '-mtls-dialect=gnu' '-march=armv7ve+fp'



Parsed C implicit include dir info from above output: rv=done
  found start of include info
  found start of implicit include info
    add: [/home/dimakomplekt/miyoo_toolchain/prebuilt/bin/../lib/gcc/arm-linux-gnueabihf/8.2.1/include]
    add: [/home/dimakomplekt/miyoo_toolchain/prebuilt/bin/../lib/gcc/arm-linux-gnueabihf/8.2.1/include-fixed]
    add: [/home/dimakomplekt/miyoo_toolchain/prebuilt/bin/../lib/gcc/arm-linux-gnueabihf/8.2.1/../../../../arm-linux-gnueabihf/include]
    add: [/home/dimakomplekt/miyoo_toolchain/mini/arm-buildroot-linux-gnueabihf/sysroot/usr/include]
  end of search list found
  collapse include dir [/home/dimakomplekt/miyoo_toolchain/prebuilt/bin/../lib/gcc/arm-linux-gnueabihf/8.2.1/include] ==> [/home/dimakomplekt/miyoo_toolchain/prebuilt/lib/gcc/arm-linux-gnueabihf/8.2.1/include]
  collapse include dir [/home/dimakomplekt/miyoo_toolchain/prebuilt/bin/../lib/gcc/arm-linux-gnueabihf/8.2.1/include-fixed] ==> [/home/dimakomplekt/miyoo_toolchain/prebuilt/lib/gcc/arm-linux-gnueabihf/8.2.1/include-fixed]
  collapse include dir [/home/dimakomplekt/miyoo_toolchain/prebuilt/bin/../lib/gcc/arm-linux-gnueabihf/8.2.1/../../../../arm-linux-gnueabihf/include] ==> [/home/dimakomplekt/miyoo_toolchain/prebuilt/arm-linux-gnueabihf/include]
  collapse include dir [/home/dimakomplekt/miyoo_toolchain/mini/arm-buildroot-linux-gnueabihf/sysroot/usr/include] ==> [/home/dimakomplekt/miyoo_toolchain/mini/arm-buildroot-linux-gnueabihf/sysroot/usr/include]
  implicit include dirs: [/home/dimakomplekt/miyoo_toolchain/prebuilt/lib/gcc/arm-linux-gnueabihf/8.2.1/include;/home/dimakomplekt/miyoo_toolchain/prebuilt/lib/gcc/arm-linux-gnueabihf/8.2.1/include-fixed;/home/dimakomplekt/miyoo_toolchain/prebuilt/arm-linux-gnueabihf/include;/home/dimakomplekt/miyoo_toolchain/mini/arm-buildroot-linux-gnueabihf/sysroot/usr/include]


Parsed C implicit link information from above output:
  link line regex: [^( *|.*[/\])(arm-linux-gnueabihf-ld|CMAKE_LINK_STARTFILE-NOTFOUND|([^/\]+-)?ld|collect2)[^/\]*( |$)]
  ignore line: [Change Dir: /mnt/c/creator/it/programs/games/miyoo_square/build_miyoo/CMakeFiles/CMakeTmp]
  ignore line: []
  ignore line: [Run Build Command(s):/home/dimakomplekt/miyoo_toolchain/mini/bin/ninja cmTC_97fbb && [1/2] Building C object CMakeFiles/cmTC_97fbb.dir/CMakeCCompilerABI.c.o]
  ignore line: [Using built-in specs.]
  ignore line: [COLLECT_GCC=/opt/prebuilt/bin/arm-linux-gnueabihf-gcc]
  ignore line: [Target: arm-linux-gnueabihf]
  ignore line: [Configured with: /tmp/dgboter/bbs/bc-b1-2-11--rhe6x86_64/buildbot/rhe6x86_64--arm-linux-gnueabihf/build/src/gcc/configure --target=arm-linux-gnueabihf --prefix= --with-sysroot=/arm-linux-gnueabihf/libc --with-build-sysroot=/tmp/dgboter/bbs/bc-b1-2-11--rhe6x86_64/buildbot/rhe6x86_64--arm-linux-gnueabihf/build/build-arm-linux-gnueabihf/install//arm-linux-gnueabihf/libc --enable-gnu-indirect-function --enable-shared --disable-libssp --disable-libmudflap --disable-libsanitizer --enable-checking=release --enable-languages=c c++ fortran --with-gmp=/tmp/dgboter/bbs/bc-b1-2-11--rhe6x86_64/buildbot/rhe6x86_64--arm-linux-gnueabihf/build/build-arm-linux-gnueabihf/host-tools --with-mpfr=/tmp/dgboter/bbs/bc-b1-2-11--rhe6x86_64/buildbot/rhe6x86_64--arm-linux-gnueabihf/build/build-arm-linux-gnueabihf/host-tools --with-mpc=/tmp/dgboter/bbs/bc-b1-2-11--rhe6x86_64/buildbot/rhe6x86_64--arm-linux-gnueabihf/build/build-arm-linux-gnueabihf/host-tools --with-isl=/tmp/dgboter/bbs/bc-b1-2-11--rhe6x86_64/buildbot/rhe6x86_64--arm-linux-gnueabihf/build/build-arm-linux-gnueabihf/host-tools --with-arch=armv7-a --with-fpu=neon --with-float=hard --with-arch=armv7-a --with-pkgversion='GNU Toolchain for the A-profile Architecture 8.2-2018-08 (arm-rel-8.23)']
  ignore line: [Thread model: posix]
  ignore line: [gcc version 8.2.1 20180802 (GNU Toolchain for the A-profile Architecture 8.2-2018-08 (arm-rel-8.23)) ]
  ignore line: [COLLECT_GCC_OPTIONS='-mabi=aapcs-linux' '-mfpu=vfpv4-d16' '-marm' '-fstack-protector-strong' '-mfloat-abi=hard' '-mcpu=cortex-a7' '-fPIE' '-pie' '-v' '-o' 'CMakeFiles/cmTC_97fbb.dir/CMakeCCompilerABI.c.o' '-c' '-mtls-dialect=gnu' '-march=armv7ve+fp']
  ignore line: [ /home/dimakomplekt/miyoo_toolchain/prebuilt/bin/../libexec/gcc/arm-linux-gnueabihf/8.2.1/cc1 -quiet -v -iprefix /home/dimakomplekt/miyoo_toolchain/prebuilt/bin/../lib/gcc/arm-linux-gnueabihf/8.2.1/ -isysroot /home/dimakomplekt/miyoo_toolchain/mini/arm-buildroot-linux-gnueabihf/sysroot /home/dimakomplekt/miyoo_toolchain/mini/share/cmake-3.16/Modules/CMakeCCompilerABI.c -quiet -dumpbase CMakeCCompilerABI.c -mabi=aapcs-linux -mfpu=vfpv4-d16 -marm -mfloat-abi=hard -mcpu=cortex-a7 -mtls-dialect=gnu -march=armv7ve+fp -auxbase-strip CMakeFiles/cmTC_97fbb.dir/CMakeCCompilerABI.c.o -version -fstack-protector-strong -fPIE -o /tmp/ccEhGkEt.s]
  ignore line: [GNU C17 (GNU Toolchain for the A-profile Architecture 8.2-2018-08 (arm-rel-8.23)) version 8.2.1 20180802 (arm-linux-gnueabihf)]
  ignore line: [	compiled by GNU C version 4.8.1  GMP version 4.3.2  MPFR version 3.1.6  MPC version 0.8.2  isl version isl-0.15-1-g835ea3a-GMP]
  ignore line: []
  ignore line: [GGC heuristics: --param ggc-min-expand=100 --param ggc-min-heapsize=131072]
  ignore line: [ignoring duplicate directory "/home/dimakomplekt/miyoo_toolchain/prebuilt/bin/../lib/gcc/../../lib/gcc/arm-linux-gnueabihf/8.2.1/include"]
  ignore line: [ignoring nonexistent directory "/home/dimakomplekt/miyoo_toolchain/mini/arm-buildroot-linux-gnueabihf/sysroot/usr/local/include"]
  ignore line: [ignoring duplicate directory "/home/dimakomplekt/miyoo_toolchain/prebuilt/bin/../lib/gcc/../../lib/gcc/arm-linux-gnueabihf/8.2.1/include-fixed"]
  ignore line: [ignoring duplicate directory "/home/dimakomplekt/miyoo_toolchain/prebuilt/bin/../lib/gcc/../../lib/gcc/arm-linux-gnueabihf/8.2.1/../../../../arm-linux-gnueabihf/include"]
  ignore line: [#include "..." search starts here:]
  ignore line: [#include <...> search starts here:]
  ignore line: [ /home/dimakomplekt/miyoo_toolchain/prebuilt/bin/../lib/gcc/arm-linux-gnueabihf/8.2.1/include]
  ignore line: [ /home/dimakomplekt/miyoo_toolchain/prebuilt/bin/../lib/gcc/arm-linux-gnueabihf/8.2.1/include-fixed]
  ignore line: [ /home/dimakomplekt/miyoo_toolchain/prebuilt/bin/../lib/gcc/arm-linux-gnueabihf/8.2.1/../../../../arm-linux-gnueabihf/include]
  ignore line: [ /home/dimakomplekt/miyoo_toolchain/mini/arm-buildroot-linux-gnueabihf/sysroot/usr/include]
  ignore line: [End of search list.]
  ignore line: [GNU C17 (GNU Toolchain for the A-profile Architecture 8.2-2018-08 (arm-rel-8.23)) version 8.2.1 20180802 (arm-linux-gnueabihf)]
  ignore line: [	compiled by GNU C version 4.8.1  GMP version 4.3.2  MPFR version 3.1.6  MPC version 0.8.2  isl version isl-0.15-1-g835ea3a-GMP]
  ignore line: []
  ignore line: [GGC heuristics: --param ggc-min-expand=100 --param ggc-min-heapsize=131072]
  ignore line: [Compiler executable checksum: 51e4b0db6b838d59dc6e00c15f041bcb]
  ignore line: [COLLECT_GCC_OPTIONS='-mabi=aapcs-linux' '-mfpu=vfpv4-d16' '-marm' '-fstack-protector-strong' '-mfloat-abi=hard' '-mcpu=cortex-a7' '-fPIE' '-pie' '-v' '-o' 'CMakeFiles/cmTC_97fbb.dir/CMakeCCompilerABI.c.o' '-c' '-mtls-dialect=gnu' '-march=armv7ve+fp']
  ignore line: [ /home/dimakomplekt/miyoo_toolchain/prebuilt/bin/../lib/gcc/arm-linux-gnueabihf/8.2.1/../../../../arm-linux-gnueabihf/bin/as -v -march=armv7ve -mfloat-abi=hard -mfpu=vfpv4-d16 -meabi=5 -o CMakeFiles/cmTC_97fbb.dir/CMakeCCompilerABI.c.o /tmp/ccEhGkEt.s]
  ignore line: [GNU assembler version 2.30.0 (arm-linux-gnueabihf) using BFD version (GNU Toolchain for the A-profile Architecture 8.2-2018-08 (arm-rel-8.23)) 2.30.0.20180625]
  ignore line: [COMPILER_PATH=/home/dimakomplekt/miyoo_toolchain/prebuilt/bin/../libexec/gcc/arm-linux-gnueabihf/8.2.1/:/home/dimakomplekt/miyoo_toolchain/prebuilt/bin/../libexec/gcc/:/home/dimakomplekt/miyoo_toolchain/prebuilt/bin/../lib/gcc/arm-linux-gnueabihf/8.2.1/../../../../arm-linux-gnueabihf/bin/]
  ignore line: [LIBRARY_PATH=/home/dimakomplekt/miyoo_toolchain/prebuilt/bin/../lib/gcc/arm-linux-gnueabihf/8.2.1/:/home/dimakomplekt/miyoo_toolchain/prebuilt/bin/../lib/gcc/:/home/dimakomplekt/miyoo_toolchain/prebuilt/bin/../lib/gcc/arm-linux-gnueabihf/8.2.1/../../../../arm-linux-gnueabihf/lib/:/home/dimakomplekt/miyoo_toolchain/mini/arm-buildroot-linux-gnueabihf/sysroot/lib/:/home/dimakomplekt/miyoo_toolchain/mini/arm-buildroot-linux-gnueabihf/sysroot/usr/lib/]
  ignore line: [COLLECT_GCC_OPTIONS='-mabi=aapcs-linux' '-mfpu=vfpv4-d16' '-marm' '-fstack-protector-strong' '-mfloat-abi=hard' '-mcpu=cortex-a7' '-fPIE' '-pie' '-v' '-o' 'CMakeFiles/cmTC_97fbb.dir/CMakeCCompilerABI.c.o' '-c' '-mtls-dialect=gnu' '-march=armv7ve+fp']
  ignore line: [[2/2] Linking C executable cmTC_97fbb]
  ignore line: [Using built-in specs.]
  ignore line: [COLLECT_GCC=/opt/prebuilt/bin/arm-linux-gnueabihf-gcc]
  ignore line: [COLLECT_LTO_WRAPPER=/home/dimakomplekt/miyoo_toolchain/prebuilt/bin/../libexec/gcc/arm-linux-gnueabihf/8.2.1/lto-wrapper]
  ignore line: [Target: arm-linux-gnueabihf]
  ignore line: [Configured with: /tmp/dgboter/bbs/bc-b1-2-11--rhe6x86_64/buildbot/rhe6x86_64--arm-linux-gnueabihf/build/src/gcc/configure --target=arm-linux-gnueabihf --prefix= --with-sysroot=/arm-linux-gnueabihf/libc --with-build-sysroot=/tmp/dgboter/bbs/bc-b1-2-11--rhe6x86_64/buildbot/rhe6x86_64--arm-linux-gnueabihf/build/build-arm-linux-gnueabihf/install//arm-linux-gnueabihf/libc --enable-gnu-indirect-function --enable-shared --disable-libssp --disable-libmudflap --disable-libsanitizer --enable-checking=release --enable-languages=c c++ fortran --with-gmp=/tmp/dgboter/bbs/bc-b1-2-11--rhe6x86_64/buildbot/rhe6x86_64--arm-linux-gnueabihf/build/build-arm-linux-gnueabihf/host-tools --with-mpfr=/tmp/dgboter/bbs/bc-b1-2-11--rhe6x86_64/buildbot/rhe6x86_64--arm-linux-gnueabihf/build/build-arm-linux-gnueabihf/host-tools --with-mpc=/tmp/dgboter/bbs/bc-b1-2-11--rhe6x86_64/buildbot/rhe6x86_64--arm-linux-gnueabihf/build/build-arm-linux-gnueabihf/host-tools --with-isl=/tmp/dgboter/bbs/bc-b1-2-11--rhe6x86_64/buildbot/rhe6x86_64--arm-linux-gnueabihf/build/build-arm-linux-gnueabihf/host-tools --with-arch=armv7-a --with-fpu=neon --with-float=hard --with-arch=armv7-a --with-pkgversion='GNU Toolchain for the A-profile Architecture 8.2-2018-08 (arm-rel-8.23)']
  ignore line: [Thread model: posix]
  ignore line: [gcc version 8.2.1 20180802 (GNU Toolchain for the A-profile Architecture 8.2-2018-08 (arm-rel-8.23)) ]
  ignore line: [COMPILER_PATH=/home/dimakomplekt/miyoo_toolchain/prebuilt/bin/../libexec/gcc/arm-linux-gnueabihf/8.2.1/:/home/dimakomplekt/miyoo_toolchain/prebuilt/bin/../libexec/gcc/:/home/dimakomplekt/miyoo_toolchain/prebuilt/bin/../lib/gcc/arm-linux-gnueabihf/8.2.1/../../../../arm-linux-gnueabihf/bin/]
  ignore line: [LIBRARY_PATH=/home/dimakomplekt/miyoo_toolchain/prebuilt/bin/../lib/gcc/arm-linux-gnueabihf/8.2.1/:/home/dimakomplekt/miyoo_toolchain/prebuilt/bin/../lib/gcc/:/home/dimakomplekt/miyoo_toolchain/prebuilt/bin/../lib/gcc/arm-linux-gnueabihf/8.2.1/../../../../arm-linux-gnueabihf/lib/:/home/dimakomplekt/miyoo_toolchain/mini/arm-buildroot-linux-gnueabihf/sysroot/lib/:/home/dimakomplekt/miyoo_toolchain/mini/arm-buildroot-linux-gnueabihf/sysroot/usr/lib/]
  ignore line: [COLLECT_GCC_OPTIONS='-mabi=aapcs-linux' '-mfpu=vfpv4-d16' '-marm' '-fstack-protector-strong' '-mfloat-abi=hard' '-mcpu=cortex-a7' '-fPIE' '-pie' '-v' '-o' 'cmTC_97fbb' '-mtls-dialect=gnu' '-march=armv7ve+fp']
  link line: [ /home/dimakomplekt/miyoo_toolchain/prebuilt/bin/../libexec/gcc/arm-linux-gnueabihf/8.2.1/collect2 -plugin /home/dimakomplekt/miyoo_toolchain/prebuilt/bin/../libexec/gcc/arm-linux-gnueabihf/8.2.1/liblto_plugin.so -plugin-opt=/home/dimakomplekt/miyoo_toolchain/prebuilt/bin/../libexec/gcc/arm-linux-gnueabihf/8.2.1/lto-wrapper -plugin-opt=-fresolution=/tmp/cc2hbw4a.res -plugin-opt=-pass-through=-lgcc -plugin-opt=-pass-through=-lgcc_s -plugin-opt=-pass-through=-lc -plugin-opt=-pass-through=-lgcc -plugin-opt=-pass-through=-lgcc_s --sysroot=/home/dimakomplekt/miyoo_toolchain/mini/arm-buildroot-linux-gnueabihf/sysroot --eh-frame-hdr -dynamic-linker /lib/ld-linux-armhf.so.3 -X -m armelf_linux_eabi -pie -o cmTC_97fbb /home/dimakomplekt/miyoo_toolchain/mini/arm-buildroot-linux-gnueabihf/sysroot/usr/lib/Scrt1.o /home/dimakomplekt/miyoo_toolchain/mini/arm-buildroot-linux-gnueabihf/sysroot/usr/lib/crti.o /home/dimakomplekt/miyoo_toolchain/prebuilt/bin/../lib/gcc/arm-linux-gnueabihf/8.2.1/crtbeginS.o -L/home/dimakomplekt/miyoo_toolchain/prebuilt/bin/../lib/gcc/arm-linux-gnueabihf/8.2.1 -L/home/dimakomplekt/miyoo_toolchain/prebuilt/bin/../lib/gcc -L/home/dimakomplekt/miyoo_toolchain/prebuilt/bin/../lib/gcc/arm-linux-gnueabihf/8.2.1/../../../../arm-linux-gnueabihf/lib -L/home/dimakomplekt/miyoo_toolchain/mini/arm-buildroot-linux-gnueabihf/sysroot/lib -L/home/dimakomplekt/miyoo_toolchain/mini/arm-buildroot-linux-gnueabihf/sysroot/usr/lib CMakeFiles/cmTC_97fbb.dir/CMakeCCompilerABI.c.o -lgcc --as-needed -lgcc_s --no-as-needed -lc -lgcc --as-needed -lgcc_s --no-as-needed /home/dimakomplekt/miyoo_toolchain/prebuilt/bin/../lib/gcc/arm-linux-gnueabihf/8.2.1/crtendS.o /home/dimakomplekt/miyoo_toolchain/mini/arm-buildroot-linux-gnueabihf/sysroot/usr/lib/crtn.o]
    arg [/home/dimakomplekt/miyoo_toolchain/prebuilt/bin/../libexec/gcc/arm-linux-gnueabihf/8.2.1/collect2] ==> ignore
    arg [-plugin] ==> ignore
    arg [/home/dimakomplekt/miyoo_toolchain/prebuilt/bin/../libexec/gcc/arm-linux-gnueabihf/8.2.1/liblto_plugin.so] ==> ignore
    arg [-plugin-opt=/home/dimakomplekt/miyoo_toolchain/prebuilt/bin/../libexec/gcc/arm-linux-gnueabihf/8.2.1/lto-wrapper] ==> ignore
    arg [-plugin-opt=-fresolution=/tmp/cc2hbw4a.res] ==> ignore
    arg [-plugin-opt=-pass-through=-lgcc] ==> ignore
    arg [-plugin-opt=-pass-through=-lgcc_s] ==> ignore
    arg [-plugin-opt=-pass-through=-lc] ==> ignore
    arg [-plugin-opt=-pass-through=-lgcc] ==> ignore
    arg [-plugin-opt=-pass-through=-lgcc_s] ==> ignore
    arg [--sysroot=/home/dimakomplekt/miyoo_toolchain/mini/arm-buildroot-linux-gnueabihf/sysroot] ==> ignore
    arg [--eh-frame-hdr] ==> ignore
    arg [-dynamic-linker] ==> ignore
    arg [/lib/ld-linux-armhf.so.3] ==> ignore
    arg [-X] ==> ignore
    arg [-m] ==> ignore
    arg [armelf_linux_eabi] ==> ignore
    arg [-pie] ==> ignore
    arg [-o] ==> ignore
    arg [cmTC_97fbb] ==> ignore
    arg [/home/dimakomplekt/miyoo_toolchain/mini/arm-buildroot-linux-gnueabihf/sysroot/usr/lib/Scrt1.o] ==> ignore
    arg [/home/dimakomplekt/miyoo_toolchain/mini/arm-buildroot-linux-gnueabihf/sysroot/usr/lib/crti.o] ==> ignore
    arg [/home/dimakomplekt/miyoo_toolchain/prebuilt/bin/../lib/gcc/arm-linux-gnueabihf/8.2.1/crtbeginS.o] ==> ignore
    arg [-L/home/dimakomplekt/miyoo_toolchain/prebuilt/bin/../lib/gcc/arm-linux-gnueabihf/8.2.1] ==> dir [/home/dimakomplekt/miyoo_toolchain/prebuilt/bin/../lib/gcc/arm-linux-gnueabihf/8.2.1]
    arg [-L/home/dimakomplekt/miyoo_toolchain/prebuilt/bin/../lib/gcc] ==> dir [/home/dimakomplekt/miyoo_toolchain/prebuilt/bin/../lib/gcc]
    arg [-L/home/dimakomplekt/miyoo_toolchain/prebuilt/bin/../lib/gcc/arm-linux-gnueabihf/8.2.1/../../../../arm-linux-gnueabihf/lib] ==> dir [/home/dimakomplekt/miyoo_toolchain/prebuilt/bin/../lib/gcc/arm-linux-gnueabihf/8.2.1/../../../../arm-linux-gnueabihf/lib]
    arg [-L/home/dimakomplekt/miyoo_toolchain/mini/arm-buildroot-linux-gnueabihf/sysroot/lib] ==> dir [/home/dimakomplekt/miyoo_toolchain/mini/arm-buildroot-linux-gnueabihf/sysroot/lib]
    arg [-L/home/dimakomplekt/miyoo_toolchain/mini/arm-buildroot-linux-gnueabihf/sysroot/usr/lib] ==> dir [/home/dimakomplekt/miyoo_toolchain/mini/arm-buildroot-linux-gnueabihf/sysroot/usr/lib]
    arg [CMakeFiles/cmTC_97fbb.dir/CMakeCCompilerABI.c.o] ==> ignore
    arg [-lgcc] ==> lib [gcc]
    arg [--as-needed] ==> ignore
    arg [-lgcc_s] ==> lib [gcc_s]
    arg [--no-as-needed] ==> ignore
    arg [-lc] ==> lib [c]
    arg [-lgcc] ==> lib [gcc]
    arg [--as-needed] ==> ignore
    arg [-lgcc_s] ==> lib [gcc_s]
    arg [--no-as-needed] ==> ignore
    arg [/home/dimakomplekt/miyoo_toolchain/prebuilt/bin/../lib/gcc/arm-linux-gnueabihf/8.2.1/crtendS.o] ==> ignore
    arg [/home/dimakomplekt/miyoo_toolchain/mini/arm-buildroot-linux-gnueabihf/sysroot/usr/lib/crtn.o] ==> ignore
  collapse library dir [/home/dimakomplekt/miyoo_toolchain/prebuilt/bin/../lib/gcc/arm-linux-gnueabihf/8.2.1] ==> [/home/dimakomplekt/miyoo_toolchain/prebuilt/lib/gcc/arm-linux-gnueabihf/8.2.1]
  collapse library dir [/home/dimakomplekt/miyoo_toolchain/prebuilt/bin/../lib/gcc] ==> [/home/dimakomplekt/miyoo_toolchain/prebuilt/lib/gcc]
  collapse library dir [/home/dimakomplekt/miyoo_toolchain/prebuilt/bin/../lib/gcc/arm-linux-gnueabihf/8.2.1/../../../../arm-linux-gnueabihf/lib] ==> [/home/dimakomplekt/miyoo_toolchain/prebuilt/arm-linux-gnueabihf/lib]
  collapse library dir [/home/dimakomplekt/miyoo_toolchain/mini/arm-buildroot-linux-gnueabihf/sysroot/lib] ==> [/home/dimakomplekt/miyoo_toolchain/mini/arm-buildroot-linux-gnueabihf/sysroot/lib]
  collapse library dir [/home/dimakomplekt/miyoo_toolchain/mini/arm-buildroot-linux-gnueabihf/sysroot/usr/lib] ==> [/home/dimakomplekt/miyoo_toolchain/mini/arm-buildroot-linux-gnueabihf/sysroot/usr/lib]
  implicit libs: [gcc;gcc_s;c;gcc;gcc_s]
  implicit dirs: [/home/dimakomplekt/miyoo_toolchain/prebuilt/lib/gcc/arm-linux-gnueabihf/8.2.1;/home/dimakomplekt/miyoo_toolchain/prebuilt/lib/gcc;/home/dimakomplekt/miyoo_toolchain/prebuilt/arm-linux-gnueabihf/lib;/home/dimakomplekt/miyoo_toolchain/mini/arm-buildroot-linux-gnueabihf/sysroot/lib;/home/dimakomplekt/miyoo_toolchain/mini/arm-buildroot-linux-gnueabihf/sysroot/usr/lib]
  implicit fwks: []


Determining if the CXX compiler works passed with the following output:
Change Dir: /mnt/c/creator/it/programs/games/miyoo_square/build_miyoo/CMakeFiles/CMakeTmp

Run Build Command(s):/home/dimakomplekt/miyoo_toolchain/mini/bin/ninja cmTC_07968 && [1/2] Building CXX object CMakeFiles/cmTC_07968.dir/testCXXCompiler.cxx.o
[2/2] Linking CXX executable cmTC_07968



Detecting CXX compiler ABI info compiled with the following output:
Change Dir: /mnt/c/creator/it/programs/games/miyoo_square/build_miyoo/CMakeFiles/CMakeTmp

Run Build Command(s):/home/dimakomplekt/miyoo_toolchain/mini/bin/ninja cmTC_def71 && [1/2] Building CXX object CMakeFiles/cmTC_def71.dir/CMakeCXXCompilerABI.cpp.o
Using built-in specs.
COLLECT_GCC=/opt/prebuilt/bin/arm-linux-gnueabihf-g++
Target: arm-linux-gnueabihf
Configured with: /tmp/dgboter/bbs/bc-b1-2-11--rhe6x86_64/buildbot/rhe6x86_64--arm-linux-gnueabihf/build/src/gcc/configure --target=arm-linux-gnueabihf --prefix= --with-sysroot=/arm-linux-gnueabihf/libc --with-build-sysroot=/tmp/dgboter/bbs/bc-b1-2-11--rhe6x86_64/buildbot/rhe6x86_64--arm-linux-gnueabihf/build/build-arm-linux-gnueabihf/install//arm-linux-gnueabihf/libc --enable-gnu-indirect-function --enable-shared --disable-libssp --disable-libmudflap --disable-libsanitizer --enable-checking=release --enable-languages=c,c++,fortran --with-gmp=/tmp/dgboter/bbs/bc-b1-2-11--rhe6x86_64/buildbot/rhe6x86_64--arm-linux-gnueabihf/build/build-arm-linux-gnueabihf/host-tools --with-mpfr=/tmp/dgboter/bbs/bc-b1-2-11--rhe6x86_64/buildbot/rhe6x86_64--arm-linux-gnueabihf/build/build-arm-linux-gnueabihf/host-tools --with-mpc=/tmp/dgboter/bbs/bc-b1-2-11--rhe6x86_64/buildbot/rhe6x86_64--arm-linux-gnueabihf/build/build-arm-linux-gnueabihf/host-tools --with-isl=/tmp/dgboter/bbs/bc-b1-2-11--rhe6x86_64/buildbot/rhe6x86_64--arm-linux-gnueabihf/build/build-arm-linux-gnueabihf/host-tools --with-arch=armv7-a --with-fpu=neon --with-float=hard --with-arch=armv7-a --with-pkgversion='GNU Toolchain for the A-profile Architecture 8.2-2018-08 (arm-rel-8.23)'
Thread model: posix
gcc version 8.2.1 20180802 (GNU Toolchain for the A-profile Architecture 8.2-2018-08 (arm-rel-8.23)) 
COLLECT_GCC_OPTIONS='-mabi=aapcs-linux' '-mfpu=vfpv4-d16' '-marm' '-fstack-protector-strong' '-mfloat-abi=hard' '-mcpu=cortex-a7' '-fPIE' '-pie' '-v' '-o' 'CMakeFiles/cmTC_def71.dir/CMakeCXXCompilerABI.cpp.o' '-c' '-shared-libgcc' '-mtls-dialect=gnu' '-march=armv7ve+fp'
 /home/dimakomplekt/miyoo_toolchain/prebuilt/bin/../libexec/gcc/arm-linux-gnueabihf/8.2.1/cc1plus -quiet -v -iprefix /home/dimakomplekt/miyoo_toolchain/prebuilt/bin/../lib/gcc/arm-linux-gnueabihf/8.2.1/ -isysroot /home/dimakomplekt/miyoo_toolchain/mini/arm-buildroot-linux-gnueabihf/sysroot -D_GNU_SOURCE /home/dimakomplekt/miyoo_toolchain/mini/share/cmake-3.16/Modules/CMakeCXXCompilerABI.cpp -quiet -dumpbase CMakeCXXCompilerABI.cpp -mabi=aapcs-linux -mfpu=vfpv4-d16 -marm -mfloat-abi=hard -mcpu=cortex-a7 -mtls-dialect=gnu -march=armv7ve+fp -auxbase-strip CMakeFiles/cmTC_def71.dir/CMakeCXXCompilerABI.cpp.o -version -fstack-protector-strong -fPIE -o /tmp/cc8HMuVQ.s
GNU C++14 (GNU Toolchain for the A-profile Architecture 8.2-2018-08 (arm-rel-8.23)) version 8.2.1 20180802 (arm-linux-gnueabihf)
	compiled by GNU C version 4.8.1, GMP version 4.3.2, MPFR version 3.1.6, MPC version 0.8.2, isl version isl-0.15-1-g835ea3a-GMP

GGC heuristics: --param ggc-min-expand=100 --param ggc-min-heapsize=131072
ignoring duplicate directory "/home/dimakomplekt/miyoo_toolchain/prebuilt/bin/../lib/gcc/../../lib/gcc/arm-linux-gnueabihf/8.2.1/../../../../arm-linux-gnueabihf/include/c++/8.2.1"
ignoring duplicate directory "/home/dimakomplekt/miyoo_toolchain/prebuilt/bin/../lib/gcc/../../lib/gcc/arm-linux-gnueabihf/8.2.1/../../../../arm-linux-gnueabihf/include/c++/8.2.1/arm-linux-gnueabihf"
ignoring duplicate directory "/home/dimakomplekt/miyoo_toolchain/prebuilt/bin/../lib/gcc/../../lib/gcc/arm-linux-gnueabihf/8.2.1/../../../../arm-linux-gnueabihf/include/c++/8.2.1/backward"
ignoring duplicate directory "/home/dimakomplekt/miyoo_toolchain/prebuilt/bin/../lib/gcc/../../lib/gcc/arm-linux-gnueabihf/8.2.1/include"
ignoring nonexistent directory "/home/dimakomplekt/miyoo_toolchain/mini/arm-buildroot-linux-gnueabihf/sysroot/usr/local/include"
ignoring duplicate directory "/home/dimakomplekt/miyoo_toolchain/prebuilt/bin/../lib/gcc/../../lib/gcc/arm-linux-gnueabihf/8.2.1/include-fixed"
ignoring duplicate directory "/home/dimakomplekt/miyoo_toolchain/prebuilt/bin/../lib/gcc/../../lib/gcc/arm-linux-gnueabihf/8.2.1/../../../../arm-linux-gnueabihf/include"
#include "..." search starts here:
#include <...> search starts here:
 /home/dimakomplekt/miyoo_toolchain/prebuilt/bin/../lib/gcc/arm-linux-gnueabihf/8.2.1/../../../../arm-linux-gnueabihf/include/c++/8.2.1
 /home/dimakomplekt/miyoo_toolchain/prebuilt/bin/../lib/gcc/arm-linux-gnueabihf/8.2.1/../../../../arm-linux-gnueabihf/include/c++/8.2.1/arm-linux-gnueabihf
 /home/dimakomplekt/miyoo_toolchain/prebuilt/bin/../lib/gcc/arm-linux-gnueabihf/8.2.1/../../../../arm-linux-gnueabihf/include/c++/8.2.1/backward
 /home/dimakomplekt/miyoo_toolchain/prebuilt/bin/../lib/gcc/arm-linux-gnueabihf/8.2.1/include
 /home/dimakomplekt/miyoo_toolchain/prebuilt/bin/../lib/gcc/arm-linux-gnueabihf/8.2.1/include-fixed
 /home/dimakomplekt/miyoo_toolchain/prebuilt/bin/../lib/gcc/arm-linux-gnueabihf/8.2.1/../../../../arm-linux-gnueabihf/include
 /home/dimakomplekt/miyoo_toolchain/mini/arm-buildroot-linux-gnueabihf/sysroot/usr/include
End of search list.
GNU C++14 (GNU Toolchain for the A-profile Architecture 8.2-2018-08 (arm-rel-8.23)) version 8.2.1 20180802 (arm-linux-gnueabihf)
	compiled by GNU C version 4.8.1, GMP version 4.3.2, MPFR version 3.1.6, MPC version 0.8.2, isl version isl-0.15-1-g835ea3a-GMP

GGC heuristics: --param ggc-min-expand=100 --param ggc-min-heapsize=131072
Compiler executable checksum: 7d0e5cb9c0e75ff601479fcb557ce6c1
COLLECT_GCC_OPTIONS='-mabi=aapcs-linux' '-mfpu=vfpv4-d16' '-marm' '-fstack-protector-strong' '-mfloat-abi=hard' '-mcpu=cortex-a7' '-fPIE' '-pie' '-v' '-o' 'CMakeFiles/cmTC_def71.dir/CMakeCXXCompilerABI.cpp.o' '-c' '-shared-libgcc' '-mtls-dialect=gnu' '-march=armv7ve+fp'
 /home/dimakomplekt/miyoo_toolchain/prebuilt/bin/../lib/gcc/arm-linux-gnueabihf/8.2.1/../../../../arm-linux-gnueabihf/bin/as -v -march=armv7ve -mfloat-abi=hard -mfpu=vfpv4-d16 -meabi=5 -o CMakeFiles/cmTC_def71.dir/CMakeCXXCompilerABI.cpp.o /tmp/cc8HMuVQ.s
GNU assembler version 2.30.0 (arm-linux-gnueabihf) using BFD version (GNU Toolchain for the A-profile Architecture 8.2-2018-08 (arm-rel-8.23)) 2.30.0.20180625
COMPILER_PATH=/home/dimakomplekt/miyoo_toolchain/prebuilt/bin/../libexec/gcc/arm-linux-gnueabihf/8.2.1/:/home/dimakomplekt/miyoo_toolchain/prebuilt/bin/../libexec/gcc/:/home/dimakomplekt/miyoo_toolchain/prebuilt/bin/../lib/gcc/arm-linux-gnueabihf/8.2.1/../../../../arm-linux-gnueabihf/bin/
LIBRARY_PATH=/home/dimakomplekt/miyoo_toolchain/prebuilt/bin/../lib/gcc/arm-linux-gnueabihf/8.2.1/:/home/dimakomplekt/miyoo_toolchain/prebuilt/bin/../lib/gcc/:/home/dimakomplekt/miyoo_toolchain/prebuilt/bin/../lib/gcc/arm-linux-gnueabihf/8.2.1/../../../../arm-linux-gnueabihf/lib/:/home/dimakomplekt/miyoo_toolchain/mini/arm-buildroot-linux-gnueabihf/sysroot/lib/:/home/dimakomplekt/miyoo_toolchain/mini/arm-buildroot-linux-gnueabihf/sysroot/usr/lib/
COLLECT_GCC_OPTIONS='-mabi=aapcs-linux' '-mfpu=vfpv4-d16' '-marm' '-fstack-protector-strong' '-mfloat-abi=hard' '-mcpu=cortex-a7' '-fPIE' '-pie' '-v' '-o' 'CMakeFiles/cmTC_def71.dir/CMakeCXXCompilerABI.cpp.o' '-c' '-shared-libgcc' '-mtls-dialect=gnu' '-march=armv7ve+fp'
[2/2] Linking CXX executable cmTC_def71
Using built-in specs.
COLLECT_GCC=/opt/prebuilt/bin/arm-linux-gnueabihf-g++
COLLECT_LTO_WRAPPER=/home/dimakomplekt/miyoo_toolchain/prebuilt/bin/../libexec/gcc/arm-linux-gnueabihf/8.2.1/lto-wrapper
Target: arm-linux-gnueabihf
Configured with: /tmp/dgboter/bbs/bc-b1-2-11--rhe6x86_64/buildbot/rhe6x86_64--arm-linux-gnueabihf/build/src/gcc/configure --target=arm-linux-gnueabihf --prefix= --with-sysroot=/arm-linux-gnueabihf/libc --with-build-sysroot=/tmp/dgboter/bbs/bc-b1-2-11--rhe6x86_64/buildbot/rhe6x86_64--arm-linux-gnueabihf/build/build-arm-linux-gnueabihf/install//arm-linux-gnueabihf/libc --enable-gnu-indirect-function --enable-shared --disable-libssp --disable-libmudflap --disable-libsanitizer --enable-checking=release --enable-languages=c,c++,fortran --with-gmp=/tmp/dgboter/bbs/bc-b1-2-11--rhe6x86_64/buildbot/rhe6x86_64--arm-linux-gnueabihf/build/build-arm-linux-gnueabihf/host-tools --with-mpfr=/tmp/dgboter/bbs/bc-b1-2-11--rhe6x86_64/buildbot/rhe6x86_64--arm-linux-gnueabihf/build/build-arm-linux-gnueabihf/host-tools --with-mpc=/tmp/dgboter/bbs/bc-b1-2-11--rhe6x86_64/buildbot/rhe6x86_64--arm-linux-gnueabihf/build/build-arm-linux-gnueabihf/host-tools --with-isl=/tmp/dgboter/bbs/bc-b1-2-11--rhe6x86_64/buildbot/rhe6x86_64--arm-linux-gnueabihf/build/build-arm-linux-gnueabihf/host-tools --with-arch=armv7-a --with-fpu=neon --with-float=hard --with-arch=armv7-a --with-pkgversion='GNU Toolchain for the A-profile Architecture 8.2-2018-08 (arm-rel-8.23)'
Thread model: posix
gcc version 8.2.1 20180802 (GNU Toolchain for the A-profile Architecture 8.2-2018-08 (arm-rel-8.23)) 
COMPILER_PATH=/home/dimakomplekt/miyoo_toolchain/prebuilt/bin/../libexec/gcc/arm-linux-gnueabihf/8.2.1/:/home/dimakomplekt/miyoo_toolchain/prebuilt/bin/../libexec/gcc/:/home/dimakomplekt/miyoo_toolchain/prebuilt/bin/../lib/gcc/arm-linux-gnueabihf/8.2.1/../../../../arm-linux-gnueabihf/bin/
LIBRARY_PATH=/home/dimakomplekt/miyoo_toolchain/prebuilt/bin/../lib/gcc/arm-linux-gnueabihf/8.2.1/:/home/dimakomplekt/miyoo_toolchain/prebuilt/bin/../lib/gcc/:/home/dimakomplekt/miyoo_toolchain/prebuilt/bin/../lib/gcc/arm-linux-gnueabihf/8.2.1/../../../../arm-linux-gnueabihf/lib/:/home/dimakomplekt/miyoo_toolchain/mini/arm-buildroot-linux-gnueabihf/sysroot/lib/:/home/dimakomplekt/miyoo_toolchain/mini/arm-buildroot-linux-gnueabihf/sysroot/usr/lib/
COLLECT_GCC_OPTIONS='-mabi=aapcs-linux' '-mfpu=vfpv4-d16' '-marm' '-fstack-protector-strong' '-mfloat-abi=hard' '-mcpu=cortex-a7' '-fPIE' '-pie' '-v' '-o' 'cmTC_def71' '-shared-libgcc' '-mtls-dialect=gnu' '-march=armv7ve+fp'
 /home/dimakomplekt/miyoo_toolchain/prebuilt/bin/../libexec/gcc/arm-linux-gnueabihf/8.2.1/collect2 -plugin /home/dimakomplekt/miyoo_toolchain/prebuilt/bin/../libexec/gcc/arm-linux-gnueabihf/8.2.1/liblto_plugin.so -plugin-opt=/home/dimakomplekt/miyoo_toolchain/prebuilt/bin/../libexec/gcc/arm-linux-gnueabihf/8.2.1/lto-wrapper -plugin-opt=-fresolution=/tmp/cch73adE.res -plugin-opt=-pass-through=-lgcc_s -plugin-opt=-pass-through=-lgcc -plugin-opt=-pass-through=-lc -plugin-opt=-pass-through=-lgcc_s -plugin-opt=-pass-through=-lgcc --sysroot=/home/dimakomplekt/miyoo_toolchain/mini/arm-buildroot-linux-gnueabihf/sysroot --eh-frame-hdr -dynamic-linker /lib/ld-linux-armhf.so.3 -X -m armelf_linux_eabi -pie -o cmTC_def71 /home/dimakomplekt/miyoo_toolchain/mini/arm-buildroot-linux-gnueabihf/sysroot/usr/lib/Scrt1.o /home/dimakomplekt/miyoo_toolchain/mini/arm-buildroot-linux-gnueabihf/sysroot/usr/lib/crti.o /home/dimakomplekt/miyoo_toolchain/prebuilt/bin/../lib/gcc/arm-linux-gnueabihf/8.2.1/crtbeginS.o -L/home/dimakomplekt/miyoo_toolchain/prebuilt/bin/../lib/gcc/arm-linux-gnueabihf/8.2.1 -L/home/dimakomplekt/miyoo_toolchain/prebuilt/bin/../lib/gcc -L/home/dimakomplekt/miyoo_toolchain/prebuilt/bin/../lib/gcc/arm-linux-gnueabihf/8.2.1/../../../../arm-linux-gnueabihf/lib -L/home/dimakomplekt/miyoo_toolchain/mini/arm-buildroot-linux-gnueabihf/sysroot/lib -L/home/dimakomplekt/miyoo_toolchain/mini/arm-buildroot-linux-gnueabihf/sysroot/usr/lib CMakeFiles/cmTC_def71.dir/CMakeCXXCompilerABI.cpp.o -lstdc++ -lm -lgcc_s -lgcc -lc -lgcc_s -lgcc /home/dimakomplekt/miyoo_toolchain/prebuilt/bin/../lib/gcc/arm-linux-gnueabihf/8.2.1/crtendS.o /home/dimakomplekt/miyoo_toolchain/mini/arm-buildroot-linux-gnueabihf/sysroot/usr/lib/crtn.o
COLLECT_GCC_OPTIONS='-mabi=aapcs-linux' '-mfpu=vfpv4-d16' '-marm' '-fstack-protector-strong' '-mfloat-abi=hard' '-mcpu=cortex-a7' '-fPIE' '-pie' '-v' '-o' 'cmTC_def71' '-shared-libgcc' '-mtls-dialect=gnu' '-march=armv7ve+fp'



Parsed CXX implicit include dir info from above output: rv=done
  found start of include info
  found start of implicit include info
    add: [/home/dimakomplekt/miyoo_toolchain/prebuilt/bin/../lib/gcc/arm-linux-gnueabihf/8.2.1/../../../../arm-linux-gnueabihf/include/c++/8.2.1]
    add: [/home/dimakomplekt/miyoo_toolchain/prebuilt/bin/../lib/gcc/arm-linux-gnueabihf/8.2.1/../../../../arm-linux-gnueabihf/include/c++/8.2.1/arm-linux-gnueabihf]
    add: [/home/dimakomplekt/miyoo_toolchain/prebuilt/bin/../lib/gcc/arm-linux-gnueabihf/8.2.1/../../../../arm-linux-gnueabihf/include/c++/8.2.1/backward]
    add: [/home/dimakomplekt/miyoo_toolchain/prebuilt/bin/../lib/gcc/arm-linux-gnueabihf/8.2.1/include]
    add: [/home/dimakomplekt/miyoo_toolchain/prebuilt/bin/../lib/gcc/arm-linux-gnueabihf/8.2.1/include-fixed]
    add: [/home/dimakomplekt/miyoo_toolchain/prebuilt/bin/../lib/gcc/arm-linux-gnueabihf/8.2.1/../../../../arm-linux-gnueabihf/include]
    add: [/home/dimakomplekt/miyoo_toolchain/mini/arm-buildroot-linux-gnueabihf/sysroot/usr/include]
  end of search list found
  collapse include dir [/home/dimakomplekt/miyoo_toolchain/prebuilt/bin/../lib/gcc/arm-linux-gnueabihf/8.2.1/../../../../arm-linux-gnueabihf/include/c++/8.2.1] ==> [/home/dimakomplekt/miyoo_toolchain/prebuilt/arm-linux-gnueabihf/include/c++/8.2.1]
  collapse include dir [/home/dimakomplekt/miyoo_toolchain/prebuilt/bin/../lib/gcc/arm-linux-gnueabihf/8.2.1/../../../../arm-linux-gnueabihf/include/c++/8.2.1/arm-linux-gnueabihf] ==> [/home/dimakomplekt/miyoo_toolchain/prebuilt/arm-linux-gnueabihf/include/c++/8.2.1/arm-linux-gnueabihf]
  collapse include dir [/home/dimakomplekt/miyoo_toolchain/prebuilt/bin/../lib/gcc/arm-linux-gnueabihf/8.2.1/../../../../arm-linux-gnueabihf/include/c++/8.2.1/backward] ==> [/home/dimakomplekt/miyoo_toolchain/prebuilt/arm-linux-gnueabihf/include/c++/8.2.1/backward]
  collapse include dir [/home/dimakomplekt/miyoo_toolchain/prebuilt/bin/../lib/gcc/arm-linux-gnueabihf/8.2.1/include] ==> [/home/dimakomplekt/miyoo_toolchain/prebuilt/lib/gcc/arm-linux-gnueabihf/8.2.1/include]
  collapse include dir [/home/dimakomplekt/miyoo_toolchain/prebuilt/bin/../lib/gcc/arm-linux-gnueabihf/8.2.1/include-fixed] ==> [/home/dimakomplekt/miyoo_toolchain/prebuilt/lib/gcc/arm-linux-gnueabihf/8.2.1/include-fixed]
  collapse include dir [/home/dimakomplekt/miyoo_toolchain/prebuilt/bin/../lib/gcc/arm-linux-gnueabihf/8.2.1/../../../../arm-linux-gnueabihf/include] ==> [/home/dimakomplekt/miyoo_toolchain/prebuilt/arm-linux-gnueabihf/include]
  collapse include dir [/home/dimakomplekt/miyoo_toolchain/mini/arm-buildroot-linux-gnueabihf/sysroot/usr/include] ==> [/home/dimakomplekt/miyoo_toolchain/mini/arm-buildroot-linux-gnueabihf/sysroot/usr/include]
  implicit include dirs: [/home/dimakomplekt/miyoo_toolchain/prebuilt/arm-linux-gnueabihf/include/c++/8.2.1;/home/dimakomplekt/miyoo_toolchain/prebuilt/arm-linux-gnueabihf/include/c++/8.2.1/arm-linux-gnueabihf;/home/dimakomplekt/miyoo_toolchain/prebuilt/arm-linux-gnueabihf/include/c++/8.2.1/backward;/home/dimakomplekt/miyoo_toolchain/prebuilt/lib/gcc/arm-linux-gnueabihf/8.2.1/include;/home/dimakomplekt/miyoo_toolchain/prebuilt/lib/gcc/arm-linux-gnueabihf/8.2.1/include-fixed;/home/dimakomplekt/miyoo_toolchain/prebuilt/arm-linux-gnueabihf/include;/home/dimakomplekt/miyoo_toolchain/mini/arm-buildroot-linux-gnueabihf/sysroot/usr/include]


Parsed CXX implicit link information from above output:
  link line regex: [^( *|.*[/\])(arm-linux-gnueabihf-ld|CMAKE_LINK_STARTFILE-NOTFOUND|([^/\]+-)?ld|collect2)[^/\]*( |$)]
  ignore line: [Change Dir: /mnt/c/creator/it/programs/games/miyoo_square/build_miyoo/CMakeFiles/CMakeTmp]
  ignore line: []
  ignore line: [Run Build Command(s):/home/dimakomplekt/miyoo_toolchain/mini/bin/ninja cmTC_def71 && [1/2] Building CXX object CMakeFiles/cmTC_def71.dir/CMakeCXXCompilerABI.cpp.o]
  ignore line: [Using built-in specs.]
  ignore line: [COLLECT_GCC=/opt/prebuilt/bin/arm-linux-gnueabihf-g++]
  ignore line: [Target: arm-linux-gnueabihf]
  ignore line: [Configured with: /tmp/dgboter/bbs/bc-b1-2-11--rhe6x86_64/buildbot/rhe6x86_64--arm-linux-gnueabihf/build/src/gcc/configure --target=arm-linux-gnueabihf --prefix= --with-sysroot=/arm-linux-gnueabihf/libc --with-build-sysroot=/tmp/dgboter/bbs/bc-b1-2-11--rhe6x86_64/buildbot/rhe6x86_64--arm-linux-gnueabihf/build/build-arm-linux-gnueabihf/install//arm-linux-gnueabihf/libc --enable-gnu-indirect-function --enable-shared --disable-libssp --disable-libmudflap --disable-libsanitizer --enable-checking=release --enable-languages=c c++ fortran --with-gmp=/tmp/dgboter/bbs/bc-b1-2-11--rhe6x86_64/buildbot/rhe6x86_64--arm-linux-gnueabihf/build/build-arm-linux-gnueabihf/host-tools --with-mpfr=/tmp/dgboter/bbs/bc-b1-2-11--rhe6x86_64/buildbot/rhe6x86_64--arm-linux-gnueabihf/build/build-arm-linux-gnueabihf/host-tools --with-mpc=/tmp/dgboter/bbs/bc-b1-2-11--rhe6x86_64/buildbot/rhe6x86_64--arm-linux-gnueabihf/build/build-arm-linux-gnueabihf/host-tools --with-isl=/tmp/dgboter/bbs/bc-b1-2-11--rhe6x86_64/buildbot/rhe6x86_64--arm-linux-gnueabihf/build/build-arm-linux-gnueabihf/host-tools --with-arch=armv7-a --with-fpu=neon --with-float=hard --with-arch=armv7-a --with-pkgversion='GNU Toolchain for the A-profile Architecture 8.2-2018-08 (arm-rel-8.23)']
  ignore line: [Thread model: posix]
  ignore line: [gcc version 8.2.1 20180802 (GNU Toolchain for the A-profile Architecture 8.2-2018-08 (arm-rel-8.23)) ]
  ignore line: [COLLECT_GCC_OPTIONS='-mabi=aapcs-linux' '-mfpu=vfpv4-d16' '-marm' '-fstack-protector-strong' '-mfloat-abi=hard' '-mcpu=cortex-a7' '-fPIE' '-pie' '-v' '-o' 'CMakeFiles/cmTC_def71.dir/CMakeCXXCompilerABI.cpp.o' '-c' '-shared-libgcc' '-mtls-dialect=gnu' '-march=armv7ve+fp']
  ignore line: [ /home/dimakomplekt/miyoo_toolchain/prebuilt/bin/../libexec/gcc/arm-linux-gnueabihf/8.2.1/cc1plus -quiet -v -iprefix /home/dimakomplekt/miyoo_toolchain/prebuilt/bin/../lib/gcc/arm-linux-gnueabihf/8.2.1/ -isysroot /home/dimakomplekt/miyoo_toolchain/mini/arm-buildroot-linux-gnueabihf/sysroot -D_GNU_SOURCE /home/dimakomplekt/miyoo_toolchain/mini/share/cmake-3.16/Modules/CMakeCXXCompilerABI.cpp -quiet -dumpbase CMakeCXXCompilerABI.cpp -mabi=aapcs-linux -mfpu=vfpv4-d16 -marm -mfloat-abi=hard -mcpu=cortex-a7 -mtls-dialect=gnu -march=armv7ve+fp -auxbase-strip CMakeFiles/cmTC_def71.dir/CMakeCXXCompilerABI.cpp.o -version -fstack-protector-strong -fPIE -o /tmp/cc8HMuVQ.s]
  ignore line: [GNU C++14 (GNU Toolchain for the A-profile Architecture 8.2-2018-08 (arm-rel-8.23)) version 8.2.1 20180802 (arm-linux-gnueabihf)]
  ignore line: [	compiled by GNU C version 4.8.1  GMP version 4.3.2  MPFR version 3.1.6  MPC version 0.8.2  isl version isl-0.15-1-g835ea3a-GMP]
  ignore line: []
  ignore line: [GGC heuristics: --param ggc-min-expand=100 --param ggc-min-heapsize=131072]
  ignore line: [ignoring duplicate directory "/home/dimakomplekt/miyoo_toolchain/prebuilt/bin/../lib/gcc/../../lib/gcc/arm-linux-gnueabihf/8.2.1/../../../../arm-linux-gnueabihf/include/c++/8.2.1"]
  ignore line: [ignoring duplicate directory "/home/dimakomplekt/miyoo_toolchain/prebuilt/bin/../lib/gcc/../../lib/gcc/arm-linux-gnueabihf/8.2.1/../../../../arm-linux-gnueabihf/include/c++/8.2.1/arm-linux-gnueabihf"]
  ignore line: [ignoring duplicate directory "/home/dimakomplekt/miyoo_toolchain/prebuilt/bin/../lib/gcc/../../lib/gcc/arm-linux-gnueabihf/8.2.1/../../../../arm-linux-gnueabihf/include/c++/8.2.1/backward"]
  ignore line: [ignoring duplicate directory "/home/dimakomplekt/miyoo_toolchain/prebuilt/bin/../lib/gcc/../../lib/gcc/arm-linux-gnueabihf/8.2.1/include"]
  ignore line: [ignoring nonexistent directory "/home/dimakomplekt/miyoo_toolchain/mini/arm-buildroot-linux-gnueabihf/sysroot/usr/local/include"]
  ignore line: [ignoring duplicate directory "/home/dimakomplekt/miyoo_toolchain/prebuilt/bin/../lib/gcc/../../lib/gcc/arm-linux-gnueabihf/8.2.1/include-fixed"]
  ignore line: [ignoring duplicate directory "/home/dimakomplekt/miyoo_toolchain/prebuilt/bin/../lib/gcc/../../lib/gcc/arm-linux-gnueabihf/8.2.1/../../../../arm-linux-gnueabihf/include"]
  ignore line: [#include "..." search starts here:]
  ignore line: [#include <...> search starts here:]
  ignore line: [ /home/dimakomplekt/miyoo_toolchain/prebuilt/bin/../lib/gcc/arm-linux-gnueabihf/8.2.1/../../../../arm-linux-gnueabihf/include/c++/8.2.1]
  ignore line: [ /home/dimakomplekt/miyoo_toolchain/prebuilt/bin/../lib/gcc/arm-linux-gnueabihf/8.2.1/../../../../arm-linux-gnueabihf/include/c++/8.2.1/arm-linux-gnueabihf]
  ignore line: [ /home/dimakomplekt/miyoo_toolchain/prebuilt/bin/../lib/gcc/arm-linux-gnueabihf/8.2.1/../../../../arm-linux-gnueabihf/include/c++/8.2.1/backward]
  ignore line: [ /home/dimakomplekt/miyoo_toolchain/prebuilt/bin/../lib/gcc/arm-linux-gnueabihf/8.2.1/include]
  ignore line: [ /home/dimakomplekt/miyoo_toolchain/prebuilt/bin/../lib/gcc/arm-linux-gnueabihf/8.2.1/include-fixed]
  ignore line: [ /home/dimakomplekt/miyoo_toolchain/prebuilt/bin/../lib/gcc/arm-linux-gnueabihf/8.2.1/../../../../arm-linux-gnueabihf/include]
  ignore line: [ /home/dimakomplekt/miyoo_toolchain/mini/arm-buildroot-linux-gnueabihf/sysroot/usr/include]
  ignore line: [End of search list.]
  ignore line: [GNU C++14 (GNU Toolchain for the A-profile Architecture 8.2-2018-08 (arm-rel-8.23)) version 8.2.1 20180802 (arm-linux-gnueabihf)]
  ignore line: [	compiled by GNU C version 4.8.1  GMP version 4.3.2  MPFR version 3.1.6  MPC version 0.8.2  isl version isl-0.15-1-g835ea3a-GMP]
  ignore line: []
  ignore line: [GGC heuristics: --param ggc-min-expand=100 --param ggc-min-heapsize=131072]
  ignore line: [Compiler executable checksum: 7d0e5cb9c0e75ff601479fcb557ce6c1]
  ignore line: [COLLECT_GCC_OPTIONS='-mabi=aapcs-linux' '-mfpu=vfpv4-d16' '-marm' '-fstack-protector-strong' '-mfloat-abi=hard' '-mcpu=cortex-a7' '-fPIE' '-pie' '-v' '-o' 'CMakeFiles/cmTC_def71.dir/CMakeCXXCompilerABI.cpp.o' '-c' '-shared-libgcc' '-mtls-dialect=gnu' '-march=armv7ve+fp']
  ignore line: [ /home/dimakomplekt/miyoo_toolchain/prebuilt/bin/../lib/gcc/arm-linux-gnueabihf/8.2.1/../../../../arm-linux-gnueabihf/bin/as -v -march=armv7ve -mfloat-abi=hard -mfpu=vfpv4-d16 -meabi=5 -o CMakeFiles/cmTC_def71.dir/CMakeCXXCompilerABI.cpp.o /tmp/cc8HMuVQ.s]
  ignore line: [GNU assembler version 2.30.0 (arm-linux-gnueabihf) using BFD version (GNU Toolchain for the A-profile Architecture 8.2-2018-08 (arm-rel-8.23)) 2.30.0.20180625]
  ignore line: [COMPILER_PATH=/home/dimakomplekt/miyoo_toolchain/prebuilt/bin/../libexec/gcc/arm-linux-gnueabihf/8.2.1/:/home/dimakomplekt/miyoo_toolchain/prebuilt/bin/../libexec/gcc/:/home/dimakomplekt/miyoo_toolchain/prebuilt/bin/../lib/gcc/arm-linux-gnueabihf/8.2.1/../../../../arm-linux-gnueabihf/bin/]
  ignore line: [LIBRARY_PATH=/home/dimakomplekt/miyoo_toolchain/prebuilt/bin/../lib/gcc/arm-linux-gnueabihf/8.2.1/:/home/dimakomplekt/miyoo_toolchain/prebuilt/bin/../lib/gcc/:/home/dimakomplekt/miyoo_toolchain/prebuilt/bin/../lib/gcc/arm-linux-gnueabihf/8.2.1/../../../../arm-linux-gnueabihf/lib/:/home/dimakomplekt/miyoo_toolchain/mini/arm-buildroot-linux-gnueabihf/sysroot/lib/:/home/dimakomplekt/miyoo_toolchain/mini/arm-buildroot-linux-gnueabihf/sysroot/usr/lib/]
  ignore line: [COLLECT_GCC_OPTIONS='-mabi=aapcs-linux' '-mfpu=vfpv4-d16' '-marm' '-fstack-protector-strong' '-mfloat-abi=hard' '-mcpu=cortex-a7' '-fPIE' '-pie' '-v' '-o' 'CMakeFiles/cmTC_def71.dir/CMakeCXXCompilerABI.cpp.o' '-c' '-shared-libgcc' '-mtls-dialect=gnu' '-march=armv7ve+fp']
  ignore line: [[2/2] Linking CXX executable cmTC_def71]
  ignore line: [Using built-in specs.]
  ignore line: [COLLECT_GCC=/opt/prebuilt/bin/arm-linux-gnueabihf-g++]
  ignore line: [COLLECT_LTO_WRAPPER=/home/dimakomplekt/miyoo_toolchain/prebuilt/bin/../libexec/gcc/arm-linux-gnueabihf/8.2.1/lto-wrapper]
  ignore line: [Target: arm-linux-gnueabihf]
  ignore line: [Configured with: /tmp/dgboter/bbs/bc-b1-2-11--rhe6x86_64/buildbot/rhe6x86_64--arm-linux-gnueabihf/build/src/gcc/configure --target=arm-linux-gnueabihf --prefix= --with-sysroot=/arm-linux-gnueabihf/libc --with-build-sysroot=/tmp/dgboter/bbs/bc-b1-2-11--rhe6x86_64/buildbot/rhe6x86_64--arm-linux-gnueabihf/build/build-arm-linux-gnueabihf/install//arm-linux-gnueabihf/libc --enable-gnu-indirect-function --enable-shared --disable-libssp --disable-libmudflap --disable-libsanitizer --enable-checking=release --enable-languages=c c++ fortran --with-gmp=/tmp/dgboter/bbs/bc-b1-2-11--rhe6x86_64/buildbot/rhe6x86_64--arm-linux-gnueabihf/build/build-arm-linux-gnueabihf/host-tools --with-mpfr=/tmp/dgboter/bbs/bc-b1-2-11--rhe6x86_64/buildbot/rhe6x86_64--arm-linux-gnueabihf/build/build-arm-linux-gnueabihf/host-tools --with-mpc=/tmp/dgboter/bbs/bc-b1-2-11--rhe6x86_64/buildbot/rhe6x86_64--arm-linux-gnueabihf/build/build-arm-linux-gnueabihf/host-tools --with-isl=/tmp/dgboter/bbs/bc-b1-2-11--rhe6x86_64/buildbot/rhe6x86_64--arm-linux-gnueabihf/build/build-arm-linux-gnueabihf/host-tools --with-arch=armv7-a --with-fpu=neon --with-float=hard --with-arch=armv7-a --with-pkgversion='GNU Toolchain for the A-profile Architecture 8.2-2018-08 (arm-rel-8.23)']
  ignore line: [Thread model: posix]
  ignore line: [gcc version 8.2.1 20180802 (GNU Toolchain for the A-profile Architecture 8.2-2018-08 (arm-rel-8.23)) ]
  ignore line: [COMPILER_PATH=/home/dimakomplekt/miyoo_toolchain/prebuilt/bin/../libexec/gcc/arm-linux-gnueabihf/8.2.1/:/home/dimakomplekt/miyoo_toolchain/prebuilt/bin/../libexec/gcc/:/home/dimakomplekt/miyoo_toolchain/prebuilt/bin/../lib/gcc/arm-linux-gnueabihf/8.2.1/../../../../arm-linux-gnueabihf/bin/]
  ignore line: [LIBRARY_PATH=/home/dimakomplekt/miyoo_toolchain/prebuilt/bin/../lib/gcc/arm-linux-gnueabihf/8.2.1/:/home/dimakomplekt/miyoo_toolchain/prebuilt/bin/../lib/gcc/:/home/dimakomplekt/miyoo_toolchain/prebuilt/bin/../lib/gcc/arm-linux-gnueabihf/8.2.1/../../../../arm-linux-gnueabihf/lib/:/home/dimakomplekt/miyoo_toolchain/mini/arm-buildroot-linux-gnueabihf/sysroot/lib/:/home/dimakomplekt/miyoo_toolchain/mini/arm-buildroot-linux-gnueabihf/sysroot/usr/lib/]
  ignore line: [COLLECT_GCC_OPTIONS='-mabi=aapcs-linux' '-mfpu=vfpv4-d16' '-marm' '-fstack-protector-strong' '-mfloat-abi=hard' '-mcpu=cortex-a7' '-fPIE' '-pie' '-v' '-o' 'cmTC_def71' '-shared-libgcc' '-mtls-dialect=gnu' '-march=armv7ve+fp']
  link line: [ /home/dimakomplekt/miyoo_toolchain/prebuilt/bin/../libexec/gcc/arm-linux-gnueabihf/8.2.1/collect2 -plugin /home/dimakomplekt/miyoo_toolchain/prebuilt/bin/../libexec/gcc/arm-linux-gnueabihf/8.2.1/liblto_plugin.so -plugin-opt=/home/dimakomplekt/miyoo_toolchain/prebuilt/bin/../libexec/gcc/arm-linux-gnueabihf/8.2.1/lto-wrapper -plugin-opt=-fresolution=/tmp/cch73adE.res -plugin-opt=-pass-through=-lgcc_s -plugin-opt=-pass-through=-lgcc -plugin-opt=-pass-through=-lc -plugin-opt=-pass-through=-lgcc_s -plugin-opt=-pass-through=-lgcc --sysroot=/home/dimakomplekt/miyoo_toolchain/mini/arm-buildroot-linux-gnueabihf/sysroot --eh-frame-hdr -dynamic-linker /lib/ld-linux-armhf.so.3 -X -m armelf_linux_eabi -pie -o cmTC_def71 /home/dimakomplekt/miyoo_toolchain/mini/arm-buildroot-linux-gnueabihf/sysroot/usr/lib/Scrt1.o /home/dimakomplekt/miyoo_toolchain/mini/arm-buildroot-linux-gnueabihf/sysroot/usr/lib/crti.o /home/dimakomplekt/miyoo_toolchain/prebuilt/bin/../lib/gcc/arm-linux-gnueabihf/8.2.1/crtbeginS.o -L/home/dimakomplekt/miyoo_toolchain/prebuilt/bin/../lib/gcc/arm-linux-gnueabihf/8.2.1 -L/home/dimakomplekt/miyoo_toolchain/prebuilt/bin/../lib/gcc -L/home/dimakomplekt/miyoo_toolchain/prebuilt/bin/../lib/gcc/arm-linux-gnueabihf/8.2.1/../../../../arm-linux-gnueabihf/lib -L/home/dimakomplekt/miyoo_toolchain/mini/arm-buildroot-linux-gnueabihf/sysroot/lib -L/home/dimakomplekt/miyoo_toolchain/mini/arm-buildroot-linux-gnueabihf/sysroot/usr/lib CMakeFiles/cmTC_def71.dir/CMakeCXXCompilerABI.cpp.o -lstdc++ -lm -lgcc_s -lgcc -lc -lgcc_s -lgcc /home/dimakomplekt/miyoo_toolchain/prebuilt/bin/../lib/gcc/arm-linux-gnueabihf/8.2.1/crtendS.o /home/dimakomplekt/miyoo_toolchain/mini/arm-buildroot-linux-gnueabihf/sysroot/usr/lib/crtn.o]
    arg [/home/dimakomplekt/miyoo_toolchain/prebuilt/bin/../libexec/gcc/arm-linux-gnueabihf/8.2.1/collect2] ==> ignore
    arg [-plugin] ==> ignore
    arg [/home/dimakomplekt/miyoo_toolchain/prebuilt/bin/../libexec/gcc/arm-linux-gnueabihf/8.2.1/liblto_plugin.so] ==> ignore
    arg [-plugin-opt=/home/dimakomplekt/miyoo_toolchain/prebuilt/bin/../libexec/gcc/arm-linux-gnueabihf/8.2.1/lto-wrapper] ==> ignore
    arg [-plugin-opt=-fresolution=/tmp/cch73adE.res] ==> ignore
    arg [-plugin-opt=-pass-through=-lgcc_s] ==> ignore
    arg [-plugin-opt=-pass-through=-lgcc] ==> ignore
    arg [-plugin-opt=-pass-through=-lc] ==> ignore
    arg [-plugin-opt=-pass-through=-lgcc_s] ==> ignore
    arg [-plugin-opt=-pass-through=-lgcc] ==> ignore
    arg [--sysroot=/home/dimakomplekt/miyoo_toolchain/mini/arm-buildroot-linux-gnueabihf/sysroot] ==> ignore
    arg [--eh-frame-hdr] ==> ignore
    arg [-dynamic-linker] ==> ignore
    arg [/lib/ld-linux-armhf.so.3] ==> ignore
    arg [-X] ==> ignore
    arg [-m] ==> ignore
    arg [armelf_linux_eabi] ==> ignore
    arg [-pie] ==> ignore
    arg [-o] ==> ignore
    arg [cmTC_def71] ==> ignore
    arg [/home/dimakomplekt/miyoo_toolchain/mini/arm-buildroot-linux-gnueabihf/sysroot/usr/lib/Scrt1.o] ==> ignore
    arg [/home/dimakomplekt/miyoo_toolchain/mini/arm-buildroot-linux-gnueabihf/sysroot/usr/lib/crti.o] ==> ignore
    arg [/home/dimakomplekt/miyoo_toolchain/prebuilt/bin/../lib/gcc/arm-linux-gnueabihf/8.2.1/crtbeginS.o] ==> ignore
    arg [-L/home/dimakomplekt/miyoo_toolchain/prebuilt/bin/../lib/gcc/arm-linux-gnueabihf/8.2.1] ==> dir [/home/dimakomplekt/miyoo_toolchain/prebuilt/bin/../lib/gcc/arm-linux-gnueabihf/8.2.1]
    arg [-L/home/dimakomplekt/miyoo_toolchain/prebuilt/bin/../lib/gcc] ==> dir [/home/dimakomplekt/miyoo_toolchain/prebuilt/bin/../lib/gcc]
    arg [-L/home/dimakomplekt/miyoo_toolchain/prebuilt/bin/../lib/gcc/arm-linux-gnueabihf/8.2.1/../../../../arm-linux-gnueabihf/lib] ==> dir [/home/dimakomplekt/miyoo_toolchain/prebuilt/bin/../lib/gcc/arm-linux-gnueabihf/8.2.1/../../../../arm-linux-gnueabihf/lib]
    arg [-L/home/dimakomplekt/miyoo_toolchain/mini/arm-buildroot-linux-gnueabihf/sysroot/lib] ==> dir [/home/dimakomplekt/miyoo_toolchain/mini/arm-buildroot-linux-gnueabihf/sysroot/lib]
    arg [-L/home/dimakomplekt/miyoo_toolchain/mini/arm-buildroot-linux-gnueabihf/sysroot/usr/lib] ==> dir [/home/dimakomplekt/miyoo_toolchain/mini/arm-buildroot-linux-gnueabihf/sysroot/usr/lib]
    arg [CMakeFiles/cmTC_def71.dir/CMakeCXXCompilerABI.cpp.o] ==> ignore
    arg [-lstdc++] ==> lib [stdc++]
    arg [-lm] ==> lib [m]
    arg [-lgcc_s] ==> lib [gcc_s]
    arg [-lgcc] ==> lib [gcc]
    arg [-lc] ==> lib [c]
    arg [-lgcc_s] ==> lib [gcc_s]
    arg [-lgcc] ==> lib [gcc]
    arg [/home/dimakomplekt/miyoo_toolchain/prebuilt/bin/../lib/gcc/arm-linux-gnueabihf/8.2.1/crtendS.o] ==> ignore
    arg [/home/dimakomplekt/miyoo_toolchain/mini/arm-buildroot-linux-gnueabihf/sysroot/usr/lib/crtn.o] ==> ignore
  collapse library dir [/home/dimakomplekt/miyoo_toolchain/prebuilt/bin/../lib/gcc/arm-linux-gnueabihf/8.2.1] ==> [/home/dimakomplekt/miyoo_toolchain/prebuilt/lib/gcc/arm-linux-gnueabihf/8.2.1]
  collapse library dir [/home/dimakomplekt/miyoo_toolchain/prebuilt/bin/../lib/gcc] ==> [/home/dimakomplekt/miyoo_toolchain/prebuilt/lib/gcc]
  collapse library dir [/home/dimakomplekt/miyoo_toolchain/prebuilt/bin/../lib/gcc/arm-linux-gnueabihf/8.2.1/../../../../arm-linux-gnueabihf/lib] ==> [/home/dimakomplekt/miyoo_toolchain/prebuilt/arm-linux-gnueabihf/lib]
  collapse library dir [/home/dimakomplekt/miyoo_toolchain/mini/arm-buildroot-linux-gnueabihf/sysroot/lib] ==> [/home/dimakomplekt/miyoo_toolchain/mini/arm-buildroot-linux-gnueabihf/sysroot/lib]
  collapse library dir [/home/dimakomplekt/miyoo_toolchain/mini/arm-buildroot-linux-gnueabihf/sysroot/usr/lib] ==> [/home/dimakomplekt/miyoo_toolchain/mini/arm-buildroot-linux-gnueabihf/sysroot/usr/lib]
  implicit libs: [stdc++;m;gcc_s;gcc;c;gcc_s;gcc]
  implicit dirs: [/home/dimakomplekt/miyoo_toolchain/prebuilt/lib/gcc/arm-linux-gnueabihf/8.2.1;/home/dimakomplekt/miyoo_toolchain/prebuilt/lib/gcc;/home/dimakomplekt/miyoo_toolchain/prebuilt/arm-linux-gnueabihf/lib;/home/dimakomplekt/miyoo_toolchain/mini/arm-buildroot-linux-gnueabihf/sysroot/lib;/home/dimakomplekt/miyoo_toolchain/mini/arm-buildroot-linux-gnueabihf/sysroot/usr/lib]
  implicit fwks: []


